../Core/Src/stm32l0xx_hal_msp.c:63:6:HAL_MspInit	8	static
../Core/Src/stm32l0xx_hal_msp.c:86:6:HAL_ADC_MspInit	48	static
../Core/Src/stm32l0xx_hal_msp.c:121:6:HAL_ADC_MspDeInit	16	static
../Core/Src/stm32l0xx_hal_msp.c:150:6:HAL_I2C_MspInit	48	static
../Core/Src/stm32l0xx_hal_msp.c:187:6:HAL_I2C_MspDeInit	16	static
../Core/Src/stm32l0xx_hal_msp.c:218:6:HAL_TIM_Base_MspInit	16	static
../Core/Src/stm32l0xx_hal_msp.c:244:6:HAL_TIM_Base_MspDeInit	16	static
../Core/Src/stm32l0xx_hal_msp.c:269:6:HAL_UART_MspInit	48	static
../Core/Src/stm32l0xx_hal_msp.c:306:6:HAL_UART_MspDeInit	16	static
